// Jest Snapshot v1, https://goo.gl/fbAQLP

exports[`should render ExpenseListItem with single expense data 1`] = `
<div>
  <Link
    replace={false}
    to="/edit/2"
  >
     
    power bill
     
  </Link>
  <p>
    Amount:
    $1,234.00
    -- Created at:
    December 30th 1969
  </p>
</div>
`;
