// Jest Snapshot v1, https://goo.gl/fbAQLP

exports[`should render LoginPage snapshot 1`] = `
<div
  className="box-layout"
>
  <div
    className="box-layout__box"
  >
    <h1
      className="box-layout__title"
    >
       Expensify 
    </h1>
    <p>
       Every penny counts. Every penny accounted for.
    </p>
    <button
      className="button"
    >
       Login With Google 
    </button>
  </div>
</div>
`;
